[backblue.gif]
[fade.gif]
[index.html]
[jessandruss.us/js/libs/modernizr-2.0.6.min.js]
[c15117992.r92.cf2.rackcdn.com/topswirl-left.png]
[c15117992.r92.cf2.rackcdn.com/topswirl-right.png]
[c15117992.r92.cf2.rackcdn.com/34c-ornament.png]
[c15117992.r92.cf2.rackcdn.com/ornament1.png]
[c15117992.r92.cf2.rackcdn.com/ornament2.png]
[ajax.googleapis.com/ajax/libs/jquery/1.7.2/jquery.min.js]
[jessandruss.us/js/libs/jquery-1.7.0.min.js]
[jessandruss.us/js/mylibs/nbw-parallax.js]
[jessandruss.us/js/mylibs/jquery.localscroll-1.2.7-min.js]
[jessandruss.us/js/mylibs/jquery.scrollTo-1.4.2-min.js]
[jessandruss.us/js/mylibs/jquery.inview.js]
[jessandruss.us/js/plugins.js]
[jessandruss.us/index.html]
[c15117992.r92.cf2.rackcdn.com/stars.jpg]
[use.typekit.com/bzi1yvo.js]
[c15117992.r92.cf2.rackcdn.com/lines.png]
[c15117992.r92.cf2.rackcdn.com/story-top-letter.png]
[c15117992.r92.cf2.rackcdn.com/story-bottom-letter.png]
[c15117992.r92.cf2.rackcdn.com/story-top-short.png]
[c15117992.r92.cf2.rackcdn.com/story-bottom-short.png]
[c15117992.r92.cf2.rackcdn.com/heart-monogram.png]
[jessandruss.us/css/style-basics.css]
[c15117992.r92.cf2.rackcdn.com/story-border-bottom.png]
[c15117992.r92.cf2.rackcdn.com/story-border-top.png]
[c15117992.r92.cf2.rackcdn.com/1.png]
[c15117992.r92.cf2.rackcdn.com/3.jpg]
[c15117992.r92.cf2.rackcdn.com/5.jpg]
[c15117992.r92.cf2.rackcdn.com/7.jpg]
[c15117992.r92.cf2.rackcdn.com/9.jpg]
[c15117992.r92.cf2.rackcdn.com/11.jpg]
[c15117992.r92.cf2.rackcdn.com/13.jpg]
[c15117992.r92.cf2.rackcdn.com/15.jpg]
[c15117992.r92.cf2.rackcdn.com/17.jpg]
[c15117992.r92.cf2.rackcdn.com/19.jpg]
[c15117992.r92.cf2.rackcdn.com/21.jpg]
[c15117992.r92.cf2.rackcdn.com/23.jpg]
[c15117992.r92.cf2.rackcdn.com/25.jpg]
[c15117992.r92.cf2.rackcdn.com/27.png]
[c15117992.r92.cf2.rackcdn.com/29.jpg]
[c15117992.r92.cf2.rackcdn.com/31.jpg]
[c15117992.r92.cf2.rackcdn.com/33.jpg]
[jessandruss.us/css/style-mobile.css]
[c15117992.r92.cf2.rackcdn.com/story-top.png]
[c15117992.r92.cf2.rackcdn.com/story-bottom.png]
[c15117992.r92.cf2.rackcdn.com/frame-top.png]
[c15117992.r92.cf2.rackcdn.com/frame-bottom.png]
[c15117992.r92.cf2.rackcdn.com/frame-rep.png]
[c15117992.r92.cf2.rackcdn.com/1b.png]
[c15117992.r92.cf2.rackcdn.com/3a.jpg]
[c15117992.r92.cf2.rackcdn.com/3b.png]
[c15117992.r92.cf2.rackcdn.com/3c.png]
[c15117992.r92.cf2.rackcdn.com/3d.png]
[c15117992.r92.cf2.rackcdn.com/5a.jpg]
[c15117992.r92.cf2.rackcdn.com/5b.png]
[c15117992.r92.cf2.rackcdn.com/5c.png]
[c15117992.r92.cf2.rackcdn.com/7a.png]
[c15117992.r92.cf2.rackcdn.com/7b.png]
[c15117992.r92.cf2.rackcdn.com/9a.jpg]
[c15117992.r92.cf2.rackcdn.com/9b.png]
[c15117992.r92.cf2.rackcdn.com/11a.jpg]
[c15117992.r92.cf2.rackcdn.com/11b.png]
[c15117992.r92.cf2.rackcdn.com/13a.jpg]
[c15117992.r92.cf2.rackcdn.com/13b.png]
[c15117992.r92.cf2.rackcdn.com/13c.png]
[c15117992.r92.cf2.rackcdn.com/15a.jpg]
[c15117992.r92.cf2.rackcdn.com/15b.png]
[c15117992.r92.cf2.rackcdn.com/15c.png]
[c15117992.r92.cf2.rackcdn.com/15d.png]
[c15117992.r92.cf2.rackcdn.com/17a.jpg]
[c15117992.r92.cf2.rackcdn.com/19a.jpg]
[c15117992.r92.cf2.rackcdn.com/19b.png]
[c15117992.r92.cf2.rackcdn.com/19c.png]
[c15117992.r92.cf2.rackcdn.com/21a.png]
[c15117992.r92.cf2.rackcdn.com/21b.png]
[c15117992.r92.cf2.rackcdn.com/21c.png]
[c15117992.r92.cf2.rackcdn.com/21d.png]
[c15117992.r92.cf2.rackcdn.com/21e.png]
[c15117992.r92.cf2.rackcdn.com/21f.png]
[c15117992.r92.cf2.rackcdn.com/23a.jpg]
[c15117992.r92.cf2.rackcdn.com/23b.png]
[c15117992.r92.cf2.rackcdn.com/23c.png]
[c15117992.r92.cf2.rackcdn.com/23d.png]
[c15117992.r92.cf2.rackcdn.com/23e.png]
[c15117992.r92.cf2.rackcdn.com/25a.png]
[c15117992.r92.cf2.rackcdn.com/25b.png]
[c15117992.r92.cf2.rackcdn.com/25c.png]
[c15117992.r92.cf2.rackcdn.com/27b.png]
[c15117992.r92.cf2.rackcdn.com/29a.jpg]
[c15117992.r92.cf2.rackcdn.com/29b.png]
[c15117992.r92.cf2.rackcdn.com/29c.png]
[c15117992.r92.cf2.rackcdn.com/29d.png]
[c15117992.r92.cf2.rackcdn.com/31a.jpg]
[c15117992.r92.cf2.rackcdn.com/31b.png]
[c15117992.r92.cf2.rackcdn.com/33a.jpg]
[c15117992.r92.cf2.rackcdn.com/34b.png]
[c15117992.r92.cf2.rackcdn.com/34c.png]
[c15117992.r92.cf2.rackcdn.com/34d.png]
[jessandruss.us/css/style-desktop.css]
[www.jessandruss.us/fonts/3507/4BF7A55D1362953D5.css]
[c15117992.r92.cf2.rackcdn.com/hfj.jpg]
[c15117992.r92.cf2.rackcdn.com/chris.jpg]
[c15117992.r92.cf2.rackcdn.com/frank.jpg]
[c15117992.r92.cf2.rackcdn.com/nick.jpg]
[c15117992.r92.cf2.rackcdn.com/sam.jpg]
[c15117992.r92.cf2.rackcdn.com/josh.jpg]
[c15117992.r92.cf2.rackcdn.com/gilbert.jpg]
[c15117992.r92.cf2.rackcdn.com/jason.jpg]
[c15117992.r92.cf2.rackcdn.com/chrisb.jpg]
[c15117992.r92.cf2.rackcdn.com/grady.jpg]
[c15117992.r92.cf2.rackcdn.com/alex.jpg]
[c15117992.r92.cf2.rackcdn.com/neil.jpg]
[c15117992.r92.cf2.rackcdn.com/jennifer.jpg]
[c15117992.r92.cf2.rackcdn.com/ginaandmatt.jpg]
[c15117992.r92.cf2.rackcdn.com/james.jpg]
[c15117992.r92.cf2.rackcdn.com/jillian.jpg]
[jessandruss.us/about/index.html]
[jessandruss.us/about/js/libs/modernizr-2.0.6.min.html]
[jessandruss.us/about/js/libs/jquery-1.7.0.min.html]
[jessandruss.us/about/js/mylibs/jquery.localscroll-1.2.7-min.html]
[jessandruss.us/about/js/mylibs/jquery.scrollTo-1.4.2-min.html]
[jessandruss.us/about/js/mylibs/jquery.inview.html]
[jessandruss.us/about/js/plugins.html]
